
> hamedia-next16-starter@0.1.0 typecheck
> tsc -p tsconfig.json --noEmit

components/ui/product-card.tsx(52,52): error TS2339: Property 'year' does not exist on type '{ caseMaterial: string; caseSize: string; movement: string; waterResistance: string; dialColor: string; }'.
tailwind.config.ts(4,3): error TS2322: Type '["class"]' is not assignable to type 'DarkModeStrategy | undefined'.
  Type '["class"]' is not assignable to type '["class", string]'.
    Source has 1 element(s) but target requires 2.
